// Jest Snapshot v1, https://goo.gl/fbAQLP

exports[`Characters component renders Characters 1`] = `
<DocumentFragment>
  <div>
    <figure>
      <img />
      <figcaption />
    </figure>
  </div>
</DocumentFragment>
`;
